// Vitest Snapshot v1, https://vitest.dev/guide/snapshot.html

exports[`<Greeter /> > should render correctly 1`] = `
<DocumentFragment>
  <section
    class="root-0-2-1"
  >
    <h1
      class="heading-0-2-2"
    >
      Hi! I'm Ghaz.
    </h1>
    <div
      class="typedWrap-0-2-3"
    >
      <span
        id="typed-insert-point"
        style="white-space: pre;"
      />
      <span
        aria-hidden="true"
        class="typed-cursor"
      >
        |
      </span>
    </div>
    <div
      class="root-0-2-5"
    />
  </section>
</DocumentFragment>
`;
